// Jest Snapshot v1, https://goo.gl/fbAQLP

exports[`GraphComponent snapshot 1`] = `
<div
  className="h-96 md:h-3/5 bg-gray-100 rounded-lg shadow-lg relative flex flex-col"
>
  <div
    className="flex flex-wrap h-20 justify-around items-center"
  >
    <div
      className="flex"
    >
      <button
        className="px-2 py-1 text-sm lg:px-4 lg:py-2 lg:text-base rounded-lg mx-1 bg-gray-200 border"
        onClick={[Function]}
      >
        1D
      </button>
      <button
        className="px-2 py-1 text-sm lg:px-4 lg:py-2 lg:text-base rounded-lg mx-1 bg-blue-200 border border-blue-600"
        onClick={[Function]}
      >
        1W
      </button>
      <button
        className="px-2 py-1 text-sm lg:px-4 lg:py-2 lg:text-base rounded-lg mx-1 bg-gray-200 border"
        onClick={[Function]}
      >
        1M
      </button>
      <button
        className="px-2 py-1 text-sm lg:px-4 lg:py-2 lg:text-base rounded-lg mx-1 bg-gray-200 border"
        onClick={[Function]}
      >
        6M
      </button>
      <button
        className="px-2 py-1 text-sm lg:px-4 lg:py-2 lg:text-base rounded-lg mx-1 bg-gray-200 border"
        onClick={[Function]}
      >
        1Y
      </button>
    </div>
    <div
      className="flex gap-4 items-center"
    >
      <div
        className="relative"
      >
        <button
          className="bg-gray-200 px-2 py-1 text-sm  lg:px-4 lg:py-2 lg:text-base rounded-lg w-full flex justify-between items-center gap-2"
          onClick={[Function]}
        >
          Cryptocurrency
          <svg
            fill="currentColor"
            height="1em"
            stroke="currentColor"
            strokeWidth="0"
            style={
              Object {
                "color": undefined,
                "transform": "rotate(180deg)",
              }
            }
            viewBox="0 0 512 512"
            width="1em"
            xmlns="http://www.w3.org/2000/svg"
          >
            <path
              d="M464 464H48a16 16 0 0 1-14.07-23.62l208-384a16 16 0 0 1 28.14 0l208 384A16 16 0 0 1 464 464z"
            />
          </svg>
        </button>
      </div>
      <div
        className="relative"
      >
        <button
          className="bg-gray-200 px-2 py-1 text-sm lg:px-4 lg:py-2 lg:text-base rounded-lg w-full flex justify-between items-center gap-2"
          onClick={[Function]}
        >
          Line
          <svg
            fill="currentColor"
            height="1em"
            stroke="currentColor"
            strokeWidth="0"
            style={
              Object {
                "color": undefined,
                "transform": "rotate(180deg)",
              }
            }
            viewBox="0 0 512 512"
            width="1em"
            xmlns="http://www.w3.org/2000/svg"
          >
            <path
              d="M464 464H48a16 16 0 0 1-14.07-23.62l208-384a16 16 0 0 1 28.14 0l208 384A16 16 0 0 1 464 464z"
            />
          </svg>
        </button>
      </div>
    </div>
  </div>
  <div
    className="flex-grow p-2"
  />
</div>
`;
